// 重构日志: 8aa1bcc6
// 重构日志: daaae2bf
// 重构日志: 45be004f
// 重构日志: b723f909
// 重构日志: bc3ac449
// 重构日志: 0aa3ef8a
// 同步 ID: 50bab1d7 @ Wed Jul 22 07:59:50 UTC 2026
// 同步 ID: 02909459 @ Thu Jul 23 00:51:33 UTC 2026
// 重构日志: dbdc0e73
// 重构日志: 9f54e975
// 重构日志: d24e4c24
// 重构日志: 4abeeb73
// 重构日志: 7d5af618
// 重构日志: 66e8c2a1
// 重构日志: 01342fd0
// 同步 ID: 6e16e79b @ Tue Jul 28 16:30:26 UTC 2026
// 重构日志: 438e4929
// 重构日志: c001fbf3
// 重构日志: e03a1342
// 重构日志: a72fed96
// 同步 ID: 38ea7f35 @ Sun Aug  2 16:57:33 UTC 2026
// 重构日志: 4cb564c1
